[    1658ms] [ERROR] The Content Security Policy directive 'upgrade-insecure-requests' is ignored when delivered in a report-only policy. @ https://www.wallplace.co.uk/browse/fin-coles/vietnamese-village:0
[   15435ms] [WARNING] The resource https://www.wallplace.co.uk/_next/image?url=https%3A%2F%2Fuwkuhygwvasdzwsusiym.supabase.co%2Fstorage%2Fv1%2Fobject%2Fpublic%2Fartworks%2F08f9481e-2785-4ce9-a184-8042905036d1%2F1777209288151-1aatpz.png&w=750&q=75 was preloaded using link preload but not used within a few seconds from the window's load event. Please make sure it has an appropriate `as` value and it is preloaded intentionally. @ https://www.wallplace.co.uk/browse/fin-coles/vietnamese-village:0
[   15435ms] [WARNING] The resource https://www.wallplace.co.uk/_next/image?url=https%3A%2F%2Fuwkuhygwvasdzwsusiym.supabase.co%2Fstorage%2Fv1%2Fobject%2Fpublic%2Favatars%2F08f9481e-2785-4ce9-a184-8042905036d1%2F1775872719596-8d56l1.jpeg&w=128&q=75 was preloaded using link preload but not used within a few seconds from the window's load event. Please make sure it has an appropriate `as` value and it is preloaded intentionally. @ https://www.wallplace.co.uk/browse/fin-coles/vietnamese-village:0
[   65687ms] [WARNING] The resource https://www.wallplace.co.uk/_next/image?url=https%3A%2F%2Fuwkuhygwvasdzwsusiym.supabase.co%2Fstorage%2Fv1%2Fobject%2Fpublic%2Fartworks%2F08f9481e-2785-4ce9-a184-8042905036d1%2F1777209288151-1aatpz.png&w=750&q=75 was preloaded using link preload but not used within a few seconds from the window's load event. Please make sure it has an appropriate `as` value and it is preloaded intentionally. @ https://www.wallplace.co.uk/browse/fin-coles/vietnamese-village:0
[   65687ms] [WARNING] The resource https://www.wallplace.co.uk/_next/image?url=https%3A%2F%2Fuwkuhygwvasdzwsusiym.supabase.co%2Fstorage%2Fv1%2Fobject%2Fpublic%2Favatars%2F08f9481e-2785-4ce9-a184-8042905036d1%2F1775872719596-8d56l1.jpeg&w=128&q=75 was preloaded using link preload but not used within a few seconds from the window's load event. Please make sure it has an appropriate `as` value and it is preloaded intentionally. @ https://www.wallplace.co.uk/browse/fin-coles/vietnamese-village:0
[  125381ms] [WARNING] The resource https://www.wallplace.co.uk/_next/image?url=https%3A%2F%2Fuwkuhygwvasdzwsusiym.supabase.co%2Fstorage%2Fv1%2Fobject%2Fpublic%2Fartworks%2F08f9481e-2785-4ce9-a184-8042905036d1%2F1777209288151-1aatpz.png&w=750&q=75 was preloaded using link preload but not used within a few seconds from the window's load event. Please make sure it has an appropriate `as` value and it is preloaded intentionally. @ https://www.wallplace.co.uk/browse/fin-coles/vietnamese-village:0
[  125382ms] [WARNING] The resource https://www.wallplace.co.uk/_next/image?url=https%3A%2F%2Fuwkuhygwvasdzwsusiym.supabase.co%2Fstorage%2Fv1%2Fobject%2Fpublic%2Favatars%2F08f9481e-2785-4ce9-a184-8042905036d1%2F1775872719596-8d56l1.jpeg&w=128&q=75 was preloaded using link preload but not used within a few seconds from the window's load event. Please make sure it has an appropriate `as` value and it is preloaded intentionally. @ https://www.wallplace.co.uk/browse/fin-coles/vietnamese-village:0
[  185343ms] [WARNING] The resource https://www.wallplace.co.uk/_next/image?url=https%3A%2F%2Fuwkuhygwvasdzwsusiym.supabase.co%2Fstorage%2Fv1%2Fobject%2Fpublic%2Fartworks%2F08f9481e-2785-4ce9-a184-8042905036d1%2F1777209288151-1aatpz.png&w=750&q=75 was preloaded using link preload but not used within a few seconds from the window's load event. Please make sure it has an appropriate `as` value and it is preloaded intentionally. @ https://www.wallplace.co.uk/browse/fin-coles/vietnamese-village:0
[  185343ms] [WARNING] The resource https://www.wallplace.co.uk/_next/image?url=https%3A%2F%2Fuwkuhygwvasdzwsusiym.supabase.co%2Fstorage%2Fv1%2Fobject%2Fpublic%2Favatars%2F08f9481e-2785-4ce9-a184-8042905036d1%2F1775872719596-8d56l1.jpeg&w=128&q=75 was preloaded using link preload but not used within a few seconds from the window's load event. Please make sure it has an appropriate `as` value and it is preloaded intentionally. @ https://www.wallplace.co.uk/browse/fin-coles/vietnamese-village:0
[  246649ms] [WARNING] The resource https://www.wallplace.co.uk/_next/image?url=https%3A%2F%2Fuwkuhygwvasdzwsusiym.supabase.co%2Fstorage%2Fv1%2Fobject%2Fpublic%2Fartworks%2F08f9481e-2785-4ce9-a184-8042905036d1%2F1777209288151-1aatpz.png&w=750&q=75 was preloaded using link preload but not used within a few seconds from the window's load event. Please make sure it has an appropriate `as` value and it is preloaded intentionally. @ https://www.wallplace.co.uk/browse/fin-coles/vietnamese-village:0
[  246649ms] [WARNING] The resource https://www.wallplace.co.uk/_next/image?url=https%3A%2F%2Fuwkuhygwvasdzwsusiym.supabase.co%2Fstorage%2Fv1%2Fobject%2Fpublic%2Favatars%2F08f9481e-2785-4ce9-a184-8042905036d1%2F1775872719596-8d56l1.jpeg&w=128&q=75 was preloaded using link preload but not used within a few seconds from the window's load event. Please make sure it has an appropriate `as` value and it is preloaded intentionally. @ https://www.wallplace.co.uk/browse/fin-coles/vietnamese-village:0
[  305576ms] [WARNING] The resource https://www.wallplace.co.uk/_next/image?url=https%3A%2F%2Fuwkuhygwvasdzwsusiym.supabase.co%2Fstorage%2Fv1%2Fobject%2Fpublic%2Fartworks%2F08f9481e-2785-4ce9-a184-8042905036d1%2F1777209288151-1aatpz.png&w=750&q=75 was preloaded using link preload but not used within a few seconds from the window's load event. Please make sure it has an appropriate `as` value and it is preloaded intentionally. @ https://www.wallplace.co.uk/browse/fin-coles/vietnamese-village:0
[  305576ms] [WARNING] The resource https://www.wallplace.co.uk/_next/image?url=https%3A%2F%2Fuwkuhygwvasdzwsusiym.supabase.co%2Fstorage%2Fv1%2Fobject%2Fpublic%2Favatars%2F08f9481e-2785-4ce9-a184-8042905036d1%2F1775872719596-8d56l1.jpeg&w=128&q=75 was preloaded using link preload but not used within a few seconds from the window's load event. Please make sure it has an appropriate `as` value and it is preloaded intentionally. @ https://www.wallplace.co.uk/browse/fin-coles/vietnamese-village:0
[  365394ms] [WARNING] The resource https://www.wallplace.co.uk/_next/image?url=https%3A%2F%2Fuwkuhygwvasdzwsusiym.supabase.co%2Fstorage%2Fv1%2Fobject%2Fpublic%2Fartworks%2F08f9481e-2785-4ce9-a184-8042905036d1%2F1777209288151-1aatpz.png&w=750&q=75 was preloaded using link preload but not used within a few seconds from the window's load event. Please make sure it has an appropriate `as` value and it is preloaded intentionally. @ https://www.wallplace.co.uk/browse/fin-coles/vietnamese-village:0
[  365394ms] [WARNING] The resource https://www.wallplace.co.uk/_next/image?url=https%3A%2F%2Fuwkuhygwvasdzwsusiym.supabase.co%2Fstorage%2Fv1%2Fobject%2Fpublic%2Favatars%2F08f9481e-2785-4ce9-a184-8042905036d1%2F1775872719596-8d56l1.jpeg&w=128&q=75 was preloaded using link preload but not used within a few seconds from the window's load event. Please make sure it has an appropriate `as` value and it is preloaded intentionally. @ https://www.wallplace.co.uk/browse/fin-coles/vietnamese-village:0
[  423118ms] [ERROR] Failed to load resource: net::ERR_NETWORK_CHANGED @ https://www.wallplace.co.uk/api/messages/unread:0
[  423119ms] [ERROR] Failed to load resource: net::ERR_NETWORK_CHANGED @ https://www.wallplace.co.uk/api/notifications:0
[  426120ms] [WARNING] The resource https://www.wallplace.co.uk/_next/image?url=https%3A%2F%2Fuwkuhygwvasdzwsusiym.supabase.co%2Fstorage%2Fv1%2Fobject%2Fpublic%2Fartworks%2F08f9481e-2785-4ce9-a184-8042905036d1%2F1777209288151-1aatpz.png&w=750&q=75 was preloaded using link preload but not used within a few seconds from the window's load event. Please make sure it has an appropriate `as` value and it is preloaded intentionally. @ https://www.wallplace.co.uk/browse/fin-coles/vietnamese-village:0
[  426120ms] [WARNING] The resource https://www.wallplace.co.uk/_next/image?url=https%3A%2F%2Fuwkuhygwvasdzwsusiym.supabase.co%2Fstorage%2Fv1%2Fobject%2Fpublic%2Favatars%2F08f9481e-2785-4ce9-a184-8042905036d1%2F1775872719596-8d56l1.jpeg&w=128&q=75 was preloaded using link preload but not used within a few seconds from the window's load event. Please make sure it has an appropriate `as` value and it is preloaded intentionally. @ https://www.wallplace.co.uk/browse/fin-coles/vietnamese-village:0
[  523965ms] [ERROR] Failed to load resource: net::ERR_TIMED_OUT @ https://www.wallplace.co.uk/api/messages/unread:0
[  524328ms] [ERROR] Failed to load resource: net::ERR_TIMED_OUT @ https://www.wallplace.co.uk/api/notifications:0
[  527330ms] [WARNING] The resource https://www.wallplace.co.uk/_next/image?url=https%3A%2F%2Fuwkuhygwvasdzwsusiym.supabase.co%2Fstorage%2Fv1%2Fobject%2Fpublic%2Fartworks%2F08f9481e-2785-4ce9-a184-8042905036d1%2F1777209288151-1aatpz.png&w=750&q=75 was preloaded using link preload but not used within a few seconds from the window's load event. Please make sure it has an appropriate `as` value and it is preloaded intentionally. @ https://www.wallplace.co.uk/browse/fin-coles/vietnamese-village:0
[  527330ms] [WARNING] The resource https://www.wallplace.co.uk/_next/image?url=https%3A%2F%2Fuwkuhygwvasdzwsusiym.supabase.co%2Fstorage%2Fv1%2Fobject%2Fpublic%2Favatars%2F08f9481e-2785-4ce9-a184-8042905036d1%2F1775872719596-8d56l1.jpeg&w=128&q=75 was preloaded using link preload but not used within a few seconds from the window's load event. Please make sure it has an appropriate `as` value and it is preloaded intentionally. @ https://www.wallplace.co.uk/browse/fin-coles/vietnamese-village:0
[  577088ms] [ERROR] Failed to load resource: net::ERR_NETWORK_CHANGED @ https://www.wallplace.co.uk/api/messages/unread:0
[  577088ms] [ERROR] Failed to load resource: net::ERR_NETWORK_CHANGED @ https://www.wallplace.co.uk/api/notifications:0
[  580090ms] [WARNING] The resource https://www.wallplace.co.uk/_next/image?url=https%3A%2F%2Fuwkuhygwvasdzwsusiym.supabase.co%2Fstorage%2Fv1%2Fobject%2Fpublic%2Fartworks%2F08f9481e-2785-4ce9-a184-8042905036d1%2F1777209288151-1aatpz.png&w=750&q=75 was preloaded using link preload but not used within a few seconds from the window's load event. Please make sure it has an appropriate `as` value and it is preloaded intentionally. @ https://www.wallplace.co.uk/browse/fin-coles/vietnamese-village:0
[  580090ms] [WARNING] The resource https://www.wallplace.co.uk/_next/image?url=https%3A%2F%2Fuwkuhygwvasdzwsusiym.supabase.co%2Fstorage%2Fv1%2Fobject%2Fpublic%2Favatars%2F08f9481e-2785-4ce9-a184-8042905036d1%2F1775872719596-8d56l1.jpeg&w=128&q=75 was preloaded using link preload but not used within a few seconds from the window's load event. Please make sure it has an appropriate `as` value and it is preloaded intentionally. @ https://www.wallplace.co.uk/browse/fin-coles/vietnamese-village:0
[  601724ms] [ERROR] Failed to load resource: net::ERR_INTERNET_DISCONNECTED @ https://www.wallplace.co.uk/api/messages/unread:0
[  601724ms] [ERROR] Failed to load resource: net::ERR_INTERNET_DISCONNECTED @ https://www.wallplace.co.uk/api/notifications:0
[  604726ms] [WARNING] The resource https://www.wallplace.co.uk/_next/image?url=https%3A%2F%2Fuwkuhygwvasdzwsusiym.supabase.co%2Fstorage%2Fv1%2Fobject%2Fpublic%2Fartworks%2F08f9481e-2785-4ce9-a184-8042905036d1%2F1777209288151-1aatpz.png&w=750&q=75 was preloaded using link preload but not used within a few seconds from the window's load event. Please make sure it has an appropriate `as` value and it is preloaded intentionally. @ https://www.wallplace.co.uk/browse/fin-coles/vietnamese-village:0
[  604726ms] [WARNING] The resource https://www.wallplace.co.uk/_next/image?url=https%3A%2F%2Fuwkuhygwvasdzwsusiym.supabase.co%2Fstorage%2Fv1%2Fobject%2Fpublic%2Favatars%2F08f9481e-2785-4ce9-a184-8042905036d1%2F1775872719596-8d56l1.jpeg&w=128&q=75 was preloaded using link preload but not used within a few seconds from the window's load event. Please make sure it has an appropriate `as` value and it is preloaded intentionally. @ https://www.wallplace.co.uk/browse/fin-coles/vietnamese-village:0
[  665704ms] [WARNING] The resource https://www.wallplace.co.uk/_next/image?url=https%3A%2F%2Fuwkuhygwvasdzwsusiym.supabase.co%2Fstorage%2Fv1%2Fobject%2Fpublic%2Fartworks%2F08f9481e-2785-4ce9-a184-8042905036d1%2F1777209288151-1aatpz.png&w=750&q=75 was preloaded using link preload but not used within a few seconds from the window's load event. Please make sure it has an appropriate `as` value and it is preloaded intentionally. @ https://www.wallplace.co.uk/browse/fin-coles/vietnamese-village:0
[  665704ms] [WARNING] The resource https://www.wallplace.co.uk/_next/image?url=https%3A%2F%2Fuwkuhygwvasdzwsusiym.supabase.co%2Fstorage%2Fv1%2Fobject%2Fpublic%2Favatars%2F08f9481e-2785-4ce9-a184-8042905036d1%2F1775872719596-8d56l1.jpeg&w=128&q=75 was preloaded using link preload but not used within a few seconds from the window's load event. Please make sure it has an appropriate `as` value and it is preloaded intentionally. @ https://www.wallplace.co.uk/browse/fin-coles/vietnamese-village:0
[  725830ms] [WARNING] The resource https://www.wallplace.co.uk/_next/image?url=https%3A%2F%2Fuwkuhygwvasdzwsusiym.supabase.co%2Fstorage%2Fv1%2Fobject%2Fpublic%2Fartworks%2F08f9481e-2785-4ce9-a184-8042905036d1%2F1777209288151-1aatpz.png&w=750&q=75 was preloaded using link preload but not used within a few seconds from the window's load event. Please make sure it has an appropriate `as` value and it is preloaded intentionally. @ https://www.wallplace.co.uk/browse/fin-coles/vietnamese-village:0
[  725830ms] [WARNING] The resource https://www.wallplace.co.uk/_next/image?url=https%3A%2F%2Fuwkuhygwvasdzwsusiym.supabase.co%2Fstorage%2Fv1%2Fobject%2Fpublic%2Favatars%2F08f9481e-2785-4ce9-a184-8042905036d1%2F1775872719596-8d56l1.jpeg&w=128&q=75 was preloaded using link preload but not used within a few seconds from the window's load event. Please make sure it has an appropriate `as` value and it is preloaded intentionally. @ https://www.wallplace.co.uk/browse/fin-coles/vietnamese-village:0
[  785299ms] [WARNING] The resource https://www.wallplace.co.uk/_next/image?url=https%3A%2F%2Fuwkuhygwvasdzwsusiym.supabase.co%2Fstorage%2Fv1%2Fobject%2Fpublic%2Fartworks%2F08f9481e-2785-4ce9-a184-8042905036d1%2F1777209288151-1aatpz.png&w=750&q=75 was preloaded using link preload but not used within a few seconds from the window's load event. Please make sure it has an appropriate `as` value and it is preloaded intentionally. @ https://www.wallplace.co.uk/browse/fin-coles/vietnamese-village:0
[  785299ms] [WARNING] The resource https://www.wallplace.co.uk/_next/image?url=https%3A%2F%2Fuwkuhygwvasdzwsusiym.supabase.co%2Fstorage%2Fv1%2Fobject%2Fpublic%2Favatars%2F08f9481e-2785-4ce9-a184-8042905036d1%2F1775872719596-8d56l1.jpeg&w=128&q=75 was preloaded using link preload but not used within a few seconds from the window's load event. Please make sure it has an appropriate `as` value and it is preloaded intentionally. @ https://www.wallplace.co.uk/browse/fin-coles/vietnamese-village:0
[  890532ms] [WARNING] The resource https://www.wallplace.co.uk/_next/image?url=https%3A%2F%2Fuwkuhygwvasdzwsusiym.supabase.co%2Fstorage%2Fv1%2Fobject%2Fpublic%2Fartworks%2F08f9481e-2785-4ce9-a184-8042905036d1%2F1777209288151-1aatpz.png&w=750&q=75 was preloaded using link preload but not used within a few seconds from the window's load event. Please make sure it has an appropriate `as` value and it is preloaded intentionally. @ https://www.wallplace.co.uk/browse/fin-coles/vietnamese-village:0
[  890533ms] [WARNING] The resource https://www.wallplace.co.uk/_next/image?url=https%3A%2F%2Fuwkuhygwvasdzwsusiym.supabase.co%2Fstorage%2Fv1%2Fobject%2Fpublic%2Favatars%2F08f9481e-2785-4ce9-a184-8042905036d1%2F1775872719596-8d56l1.jpeg&w=128&q=75 was preloaded using link preload but not used within a few seconds from the window's load event. Please make sure it has an appropriate `as` value and it is preloaded intentionally. @ https://www.wallplace.co.uk/browse/fin-coles/vietnamese-village:0
[ 1472612ms] [WARNING] The resource https://www.wallplace.co.uk/_next/image?url=https%3A%2F%2Fuwkuhygwvasdzwsusiym.supabase.co%2Fstorage%2Fv1%2Fobject%2Fpublic%2Fartworks%2F08f9481e-2785-4ce9-a184-8042905036d1%2F1777209288151-1aatpz.png&w=750&q=75 was preloaded using link preload but not used within a few seconds from the window's load event. Please make sure it has an appropriate `as` value and it is preloaded intentionally. @ https://www.wallplace.co.uk/browse/fin-coles/vietnamese-village:0
[ 1472612ms] [WARNING] The resource https://www.wallplace.co.uk/_next/image?url=https%3A%2F%2Fuwkuhygwvasdzwsusiym.supabase.co%2Fstorage%2Fv1%2Fobject%2Fpublic%2Favatars%2F08f9481e-2785-4ce9-a184-8042905036d1%2F1775872719596-8d56l1.jpeg&w=128&q=75 was preloaded using link preload but not used within a few seconds from the window's load event. Please make sure it has an appropriate `as` value and it is preloaded intentionally. @ https://www.wallplace.co.uk/browse/fin-coles/vietnamese-village:0
[ 2397913ms] [ERROR] Failed to load resource: net::ERR_INTERNET_DISCONNECTED @ https://www.wallplace.co.uk/api/messages/unread:0
[ 2397913ms] [ERROR] Failed to load resource: net::ERR_INTERNET_DISCONNECTED @ https://www.wallplace.co.uk/api/notifications:0
[ 2400916ms] [WARNING] The resource https://www.wallplace.co.uk/_next/image?url=https%3A%2F%2Fuwkuhygwvasdzwsusiym.supabase.co%2Fstorage%2Fv1%2Fobject%2Fpublic%2Fartworks%2F08f9481e-2785-4ce9-a184-8042905036d1%2F1777209288151-1aatpz.png&w=750&q=75 was preloaded using link preload but not used within a few seconds from the window's load event. Please make sure it has an appropriate `as` value and it is preloaded intentionally. @ https://www.wallplace.co.uk/browse/fin-coles/vietnamese-village:0
[ 2400916ms] [WARNING] The resource https://www.wallplace.co.uk/_next/image?url=https%3A%2F%2Fuwkuhygwvasdzwsusiym.supabase.co%2Fstorage%2Fv1%2Fobject%2Fpublic%2Favatars%2F08f9481e-2785-4ce9-a184-8042905036d1%2F1775872719596-8d56l1.jpeg&w=128&q=75 was preloaded using link preload but not used within a few seconds from the window's load event. Please make sure it has an appropriate `as` value and it is preloaded intentionally. @ https://www.wallplace.co.uk/browse/fin-coles/vietnamese-village:0
[ 3240390ms] [ERROR] Failed to load resource: net::ERR_INTERNET_DISCONNECTED @ https://uwkuhygwvasdzwsusiym.supabase.co/auth/v1/token?grant_type=refresh_token:0
[ 3240390ms] [ERROR] TypeError: Failed to fetch
    at https://www.wallplace.co.uk/_next/static/chunks/15d_d_pky5d14.js:24:35228
    at t5 (https://www.wallplace.co.uk/_next/static/chunks/15d_d_pky5d14.js:24:40168)
    at t8 (https://www.wallplace.co.uk/_next/static/chunks/15d_d_pky5d14.js:24:39696)
    at r (https://www.wallplace.co.uk/_next/static/chunks/15d_d_pky5d14.js:37:25022)
    at https://www.wallplace.co.uk/_next/static/chunks/15d_d_pky5d14.js:37:25285
    at https://www.wallplace.co.uk/_next/static/chunks/15d_d_pky5d14.js:37:25362
    at new Promise (<anonymous>)
    at r$._refreshAccessToken (https://www.wallplace.co.uk/_next/static/chunks/15d_d_pky5d14.js:37:25216)
    at r$._callRefreshToken (https://www.wallplace.co.uk/_next/static/chunks/15d_d_pky5d14.js:37:27965)
    at r$.__loadSession (https://www.wallplace.co.uk/_next/static/chunks/15d_d_pky5d14.js:37:14186) @ https://www.wallplace.co.uk/_next/static/chunks/15d_d_pky5d14.js:23
[ 3240596ms] [ERROR] Failed to load resource: net::ERR_INTERNET_DISCONNECTED @ https://uwkuhygwvasdzwsusiym.supabase.co/auth/v1/token?grant_type=refresh_token:0
[ 3240596ms] [ERROR] TypeError: Failed to fetch
    at https://www.wallplace.co.uk/_next/static/chunks/15d_d_pky5d14.js:24:35228
    at t5 (https://www.wallplace.co.uk/_next/static/chunks/15d_d_pky5d14.js:24:40168)
    at t8 (https://www.wallplace.co.uk/_next/static/chunks/15d_d_pky5d14.js:24:39696)
    at r (https://www.wallplace.co.uk/_next/static/chunks/15d_d_pky5d14.js:37:25022)
    at async https://www.wallplace.co.uk/_next/static/chunks/15d_d_pky5d14.js:37:25279 @ https://www.wallplace.co.uk/_next/static/chunks/15d_d_pky5d14.js:23
[ 3240999ms] [ERROR] Failed to load resource: net::ERR_INTERNET_DISCONNECTED @ https://uwkuhygwvasdzwsusiym.supabase.co/auth/v1/token?grant_type=refresh_token:0
[ 3240999ms] [ERROR] TypeError: Failed to fetch
    at https://www.wallplace.co.uk/_next/static/chunks/15d_d_pky5d14.js:24:35228
    at t5 (https://www.wallplace.co.uk/_next/static/chunks/15d_d_pky5d14.js:24:40168)
    at t8 (https://www.wallplace.co.uk/_next/static/chunks/15d_d_pky5d14.js:24:39696)
    at r (https://www.wallplace.co.uk/_next/static/chunks/15d_d_pky5d14.js:37:25022)
    at async https://www.wallplace.co.uk/_next/static/chunks/15d_d_pky5d14.js:37:25279 @ https://www.wallplace.co.uk/_next/static/chunks/15d_d_pky5d14.js:23
[ 3241804ms] [ERROR] Failed to load resource: net::ERR_INTERNET_DISCONNECTED @ https://uwkuhygwvasdzwsusiym.supabase.co/auth/v1/token?grant_type=refresh_token:0
[ 3241804ms] [ERROR] TypeError: Failed to fetch
    at https://www.wallplace.co.uk/_next/static/chunks/15d_d_pky5d14.js:24:35228
    at t5 (https://www.wallplace.co.uk/_next/static/chunks/15d_d_pky5d14.js:24:40168)
    at t8 (https://www.wallplace.co.uk/_next/static/chunks/15d_d_pky5d14.js:24:39696)
    at r (https://www.wallplace.co.uk/_next/static/chunks/15d_d_pky5d14.js:37:25022)
    at async https://www.wallplace.co.uk/_next/static/chunks/15d_d_pky5d14.js:37:25279 @ https://www.wallplace.co.uk/_next/static/chunks/15d_d_pky5d14.js:23
[ 3243408ms] [ERROR] Failed to load resource: net::ERR_INTERNET_DISCONNECTED @ https://uwkuhygwvasdzwsusiym.supabase.co/auth/v1/token?grant_type=refresh_token:0
[ 3243408ms] [ERROR] TypeError: Failed to fetch
    at https://www.wallplace.co.uk/_next/static/chunks/15d_d_pky5d14.js:24:35228
    at t5 (https://www.wallplace.co.uk/_next/static/chunks/15d_d_pky5d14.js:24:40168)
    at t8 (https://www.wallplace.co.uk/_next/static/chunks/15d_d_pky5d14.js:24:39696)
    at r (https://www.wallplace.co.uk/_next/static/chunks/15d_d_pky5d14.js:37:25022)
    at async https://www.wallplace.co.uk/_next/static/chunks/15d_d_pky5d14.js:37:25279 @ https://www.wallplace.co.uk/_next/static/chunks/15d_d_pky5d14.js:23
[ 3246409ms] [WARNING] The resource https://www.wallplace.co.uk/_next/image?url=https%3A%2F%2Fuwkuhygwvasdzwsusiym.supabase.co%2Fstorage%2Fv1%2Fobject%2Fpublic%2Fartworks%2F08f9481e-2785-4ce9-a184-8042905036d1%2F1777209288151-1aatpz.png&w=750&q=75 was preloaded using link preload but not used within a few seconds from the window's load event. Please make sure it has an appropriate `as` value and it is preloaded intentionally. @ https://www.wallplace.co.uk/browse/fin-coles/vietnamese-village:0
[ 3246409ms] [WARNING] The resource https://www.wallplace.co.uk/_next/image?url=https%3A%2F%2Fuwkuhygwvasdzwsusiym.supabase.co%2Fstorage%2Fv1%2Fobject%2Fpublic%2Favatars%2F08f9481e-2785-4ce9-a184-8042905036d1%2F1775872719596-8d56l1.jpeg&w=128&q=75 was preloaded using link preload but not used within a few seconds from the window's load event. Please make sure it has an appropriate `as` value and it is preloaded intentionally. @ https://www.wallplace.co.uk/browse/fin-coles/vietnamese-village:0
[ 3246613ms] [ERROR] Failed to load resource: net::ERR_INTERNET_DISCONNECTED @ https://uwkuhygwvasdzwsusiym.supabase.co/auth/v1/token?grant_type=refresh_token:0
[ 3246613ms] [ERROR] TypeError: Failed to fetch
    at https://www.wallplace.co.uk/_next/static/chunks/15d_d_pky5d14.js:24:35228
    at t5 (https://www.wallplace.co.uk/_next/static/chunks/15d_d_pky5d14.js:24:40168)
    at t8 (https://www.wallplace.co.uk/_next/static/chunks/15d_d_pky5d14.js:24:39696)
    at r (https://www.wallplace.co.uk/_next/static/chunks/15d_d_pky5d14.js:37:25022)
    at async https://www.wallplace.co.uk/_next/static/chunks/15d_d_pky5d14.js:37:25279 @ https://www.wallplace.co.uk/_next/static/chunks/15d_d_pky5d14.js:23
[ 3249614ms] [WARNING] The resource https://www.wallplace.co.uk/_next/image?url=https%3A%2F%2Fuwkuhygwvasdzwsusiym.supabase.co%2Fstorage%2Fv1%2Fobject%2Fpublic%2Fartworks%2F08f9481e-2785-4ce9-a184-8042905036d1%2F1777209288151-1aatpz.png&w=750&q=75 was preloaded using link preload but not used within a few seconds from the window's load event. Please make sure it has an appropriate `as` value and it is preloaded intentionally. @ https://www.wallplace.co.uk/browse/fin-coles/vietnamese-village:0
[ 3249614ms] [WARNING] The resource https://www.wallplace.co.uk/_next/image?url=https%3A%2F%2Fuwkuhygwvasdzwsusiym.supabase.co%2Fstorage%2Fv1%2Fobject%2Fpublic%2Favatars%2F08f9481e-2785-4ce9-a184-8042905036d1%2F1775872719596-8d56l1.jpeg&w=128&q=75 was preloaded using link preload but not used within a few seconds from the window's load event. Please make sure it has an appropriate `as` value and it is preloaded intentionally. @ https://www.wallplace.co.uk/browse/fin-coles/vietnamese-village:0
[ 3253017ms] [ERROR] Failed to load resource: net::ERR_INTERNET_DISCONNECTED @ https://uwkuhygwvasdzwsusiym.supabase.co/auth/v1/token?grant_type=refresh_token:0
[ 3253017ms] [ERROR] TypeError: Failed to fetch
    at https://www.wallplace.co.uk/_next/static/chunks/15d_d_pky5d14.js:24:35228
    at t5 (https://www.wallplace.co.uk/_next/static/chunks/15d_d_pky5d14.js:24:40168)
    at t8 (https://www.wallplace.co.uk/_next/static/chunks/15d_d_pky5d14.js:24:39696)
    at r (https://www.wallplace.co.uk/_next/static/chunks/15d_d_pky5d14.js:37:25022)
    at async https://www.wallplace.co.uk/_next/static/chunks/15d_d_pky5d14.js:37:25279 @ https://www.wallplace.co.uk/_next/static/chunks/15d_d_pky5d14.js:23
[ 3256019ms] [WARNING] The resource https://www.wallplace.co.uk/_next/image?url=https%3A%2F%2Fuwkuhygwvasdzwsusiym.supabase.co%2Fstorage%2Fv1%2Fobject%2Fpublic%2Fartworks%2F08f9481e-2785-4ce9-a184-8042905036d1%2F1777209288151-1aatpz.png&w=750&q=75 was preloaded using link preload but not used within a few seconds from the window's load event. Please make sure it has an appropriate `as` value and it is preloaded intentionally. @ https://www.wallplace.co.uk/browse/fin-coles/vietnamese-village:0
[ 3256020ms] [WARNING] The resource https://www.wallplace.co.uk/_next/image?url=https%3A%2F%2Fuwkuhygwvasdzwsusiym.supabase.co%2Fstorage%2Fv1%2Fobject%2Fpublic%2Favatars%2F08f9481e-2785-4ce9-a184-8042905036d1%2F1775872719596-8d56l1.jpeg&w=128&q=75 was preloaded using link preload but not used within a few seconds from the window's load event. Please make sure it has an appropriate `as` value and it is preloaded intentionally. @ https://www.wallplace.co.uk/browse/fin-coles/vietnamese-village:0
[ 3269290ms] [WARNING] The resource https://www.wallplace.co.uk/_next/image?url=https%3A%2F%2Fuwkuhygwvasdzwsusiym.supabase.co%2Fstorage%2Fv1%2Fobject%2Fpublic%2Fartworks%2F08f9481e-2785-4ce9-a184-8042905036d1%2F1777209288151-1aatpz.png&w=750&q=75 was preloaded using link preload but not used within a few seconds from the window's load event. Please make sure it has an appropriate `as` value and it is preloaded intentionally. @ https://www.wallplace.co.uk/browse/fin-coles/vietnamese-village:0
[ 3269291ms] [WARNING] The resource https://www.wallplace.co.uk/_next/image?url=https%3A%2F%2Fuwkuhygwvasdzwsusiym.supabase.co%2Fstorage%2Fv1%2Fobject%2Fpublic%2Favatars%2F08f9481e-2785-4ce9-a184-8042905036d1%2F1775872719596-8d56l1.jpeg&w=128&q=75 was preloaded using link preload but not used within a few seconds from the window's load event. Please make sure it has an appropriate `as` value and it is preloaded intentionally. @ https://www.wallplace.co.uk/browse/fin-coles/vietnamese-village:0
[ 3274743ms] [WARNING] The resource https://www.wallplace.co.uk/_next/image?url=https%3A%2F%2Fuwkuhygwvasdzwsusiym.supabase.co%2Fstorage%2Fv1%2Fobject%2Fpublic%2Fartworks%2F08f9481e-2785-4ce9-a184-8042905036d1%2F1777209288151-1aatpz.png&w=750&q=75 was preloaded using link preload but not used within a few seconds from the window's load event. Please make sure it has an appropriate `as` value and it is preloaded intentionally. @ https://www.wallplace.co.uk/browse/fin-coles/vietnamese-village:0
[ 3274743ms] [WARNING] The resource https://www.wallplace.co.uk/_next/image?url=https%3A%2F%2Fuwkuhygwvasdzwsusiym.supabase.co%2Fstorage%2Fv1%2Fobject%2Fpublic%2Favatars%2F08f9481e-2785-4ce9-a184-8042905036d1%2F1775872719596-8d56l1.jpeg&w=128&q=75 was preloaded using link preload but not used within a few seconds from the window's load event. Please make sure it has an appropriate `as` value and it is preloaded intentionally. @ https://www.wallplace.co.uk/browse/fin-coles/vietnamese-village:0
[ 3330858ms] [ERROR] Failed to load resource: the server responded with a status of 401 () @ https://www.wallplace.co.uk/api/notifications:0
[ 3330953ms] [ERROR] Failed to load resource: the server responded with a status of 401 () @ https://www.wallplace.co.uk/api/messages/unread:0
[ 3333956ms] [WARNING] The resource https://www.wallplace.co.uk/_next/image?url=https%3A%2F%2Fuwkuhygwvasdzwsusiym.supabase.co%2Fstorage%2Fv1%2Fobject%2Fpublic%2Fartworks%2F08f9481e-2785-4ce9-a184-8042905036d1%2F1777209288151-1aatpz.png&w=750&q=75 was preloaded using link preload but not used within a few seconds from the window's load event. Please make sure it has an appropriate `as` value and it is preloaded intentionally. @ https://www.wallplace.co.uk/browse/fin-coles/vietnamese-village:0
[ 3333956ms] [WARNING] The resource https://www.wallplace.co.uk/_next/image?url=https%3A%2F%2Fuwkuhygwvasdzwsusiym.supabase.co%2Fstorage%2Fv1%2Fobject%2Fpublic%2Favatars%2F08f9481e-2785-4ce9-a184-8042905036d1%2F1775872719596-8d56l1.jpeg&w=128&q=75 was preloaded using link preload but not used within a few seconds from the window's load event. Please make sure it has an appropriate `as` value and it is preloaded intentionally. @ https://www.wallplace.co.uk/browse/fin-coles/vietnamese-village:0
[ 3390820ms] [ERROR] Failed to load resource: the server responded with a status of 401 () @ https://www.wallplace.co.uk/api/messages/unread:0
[ 3390830ms] [ERROR] Failed to load resource: the server responded with a status of 401 () @ https://www.wallplace.co.uk/api/notifications:0
[ 3393831ms] [WARNING] The resource https://www.wallplace.co.uk/_next/image?url=https%3A%2F%2Fuwkuhygwvasdzwsusiym.supabase.co%2Fstorage%2Fv1%2Fobject%2Fpublic%2Fartworks%2F08f9481e-2785-4ce9-a184-8042905036d1%2F1777209288151-1aatpz.png&w=750&q=75 was preloaded using link preload but not used within a few seconds from the window's load event. Please make sure it has an appropriate `as` value and it is preloaded intentionally. @ https://www.wallplace.co.uk/browse/fin-coles/vietnamese-village:0
[ 3393831ms] [WARNING] The resource https://www.wallplace.co.uk/_next/image?url=https%3A%2F%2Fuwkuhygwvasdzwsusiym.supabase.co%2Fstorage%2Fv1%2Fobject%2Fpublic%2Favatars%2F08f9481e-2785-4ce9-a184-8042905036d1%2F1775872719596-8d56l1.jpeg&w=128&q=75 was preloaded using link preload but not used within a few seconds from the window's load event. Please make sure it has an appropriate `as` value and it is preloaded intentionally. @ https://www.wallplace.co.uk/browse/fin-coles/vietnamese-village:0
[ 3455015ms] [ERROR] Failed to load resource: the server responded with a status of 401 () @ https://www.wallplace.co.uk/api/notifications:0
[ 3455016ms] [ERROR] Failed to load resource: the server responded with a status of 401 () @ https://www.wallplace.co.uk/api/messages/unread:0
[ 3458017ms] [WARNING] The resource https://www.wallplace.co.uk/_next/image?url=https%3A%2F%2Fuwkuhygwvasdzwsusiym.supabase.co%2Fstorage%2Fv1%2Fobject%2Fpublic%2Fartworks%2F08f9481e-2785-4ce9-a184-8042905036d1%2F1777209288151-1aatpz.png&w=750&q=75 was preloaded using link preload but not used within a few seconds from the window's load event. Please make sure it has an appropriate `as` value and it is preloaded intentionally. @ https://www.wallplace.co.uk/browse/fin-coles/vietnamese-village:0
[ 3458017ms] [WARNING] The resource https://www.wallplace.co.uk/_next/image?url=https%3A%2F%2Fuwkuhygwvasdzwsusiym.supabase.co%2Fstorage%2Fv1%2Fobject%2Fpublic%2Favatars%2F08f9481e-2785-4ce9-a184-8042905036d1%2F1775872719596-8d56l1.jpeg&w=128&q=75 was preloaded using link preload but not used within a few seconds from the window's load event. Please make sure it has an appropriate `as` value and it is preloaded intentionally. @ https://www.wallplace.co.uk/browse/fin-coles/vietnamese-village:0
[ 3510789ms] [ERROR] Failed to load resource: the server responded with a status of 401 () @ https://www.wallplace.co.uk/api/notifications:0
[ 3510879ms] [ERROR] Failed to load resource: the server responded with a status of 401 () @ https://www.wallplace.co.uk/api/messages/unread:0
[ 3513881ms] [WARNING] The resource https://www.wallplace.co.uk/_next/image?url=https%3A%2F%2Fuwkuhygwvasdzwsusiym.supabase.co%2Fstorage%2Fv1%2Fobject%2Fpublic%2Fartworks%2F08f9481e-2785-4ce9-a184-8042905036d1%2F1777209288151-1aatpz.png&w=750&q=75 was preloaded using link preload but not used within a few seconds from the window's load event. Please make sure it has an appropriate `as` value and it is preloaded intentionally. @ https://www.wallplace.co.uk/browse/fin-coles/vietnamese-village:0
[ 3513881ms] [WARNING] The resource https://www.wallplace.co.uk/_next/image?url=https%3A%2F%2Fuwkuhygwvasdzwsusiym.supabase.co%2Fstorage%2Fv1%2Fobject%2Fpublic%2Favatars%2F08f9481e-2785-4ce9-a184-8042905036d1%2F1775872719596-8d56l1.jpeg&w=128&q=75 was preloaded using link preload but not used within a few seconds from the window's load event. Please make sure it has an appropriate `as` value and it is preloaded intentionally. @ https://www.wallplace.co.uk/browse/fin-coles/vietnamese-village:0
[ 3570786ms] [ERROR] Failed to load resource: the server responded with a status of 401 () @ https://www.wallplace.co.uk/api/messages/unread:0
[ 3570883ms] [ERROR] Failed to load resource: the server responded with a status of 401 () @ https://www.wallplace.co.uk/api/notifications:0
[ 3573885ms] [WARNING] The resource https://www.wallplace.co.uk/_next/image?url=https%3A%2F%2Fuwkuhygwvasdzwsusiym.supabase.co%2Fstorage%2Fv1%2Fobject%2Fpublic%2Fartworks%2F08f9481e-2785-4ce9-a184-8042905036d1%2F1777209288151-1aatpz.png&w=750&q=75 was preloaded using link preload but not used within a few seconds from the window's load event. Please make sure it has an appropriate `as` value and it is preloaded intentionally. @ https://www.wallplace.co.uk/browse/fin-coles/vietnamese-village:0
[ 3573885ms] [WARNING] The resource https://www.wallplace.co.uk/_next/image?url=https%3A%2F%2Fuwkuhygwvasdzwsusiym.supabase.co%2Fstorage%2Fv1%2Fobject%2Fpublic%2Favatars%2F08f9481e-2785-4ce9-a184-8042905036d1%2F1775872719596-8d56l1.jpeg&w=128&q=75 was preloaded using link preload but not used within a few seconds from the window's load event. Please make sure it has an appropriate `as` value and it is preloaded intentionally. @ https://www.wallplace.co.uk/browse/fin-coles/vietnamese-village:0
[ 3630780ms] [ERROR] Failed to load resource: the server responded with a status of 401 () @ https://www.wallplace.co.uk/api/notifications:0
[ 3630804ms] [ERROR] Failed to load resource: the server responded with a status of 401 () @ https://www.wallplace.co.uk/api/messages/unread:0
[ 3633807ms] [WARNING] The resource https://www.wallplace.co.uk/_next/image?url=https%3A%2F%2Fuwkuhygwvasdzwsusiym.supabase.co%2Fstorage%2Fv1%2Fobject%2Fpublic%2Fartworks%2F08f9481e-2785-4ce9-a184-8042905036d1%2F1777209288151-1aatpz.png&w=750&q=75 was preloaded using link preload but not used within a few seconds from the window's load event. Please make sure it has an appropriate `as` value and it is preloaded intentionally. @ https://www.wallplace.co.uk/browse/fin-coles/vietnamese-village:0
[ 3633807ms] [WARNING] The resource https://www.wallplace.co.uk/_next/image?url=https%3A%2F%2Fuwkuhygwvasdzwsusiym.supabase.co%2Fstorage%2Fv1%2Fobject%2Fpublic%2Favatars%2F08f9481e-2785-4ce9-a184-8042905036d1%2F1775872719596-8d56l1.jpeg&w=128&q=75 was preloaded using link preload but not used within a few seconds from the window's load event. Please make sure it has an appropriate `as` value and it is preloaded intentionally. @ https://www.wallplace.co.uk/browse/fin-coles/vietnamese-village:0
[ 3690792ms] [ERROR] Failed to load resource: the server responded with a status of 401 () @ https://www.wallplace.co.uk/api/notifications:0
[ 3690824ms] [ERROR] Failed to load resource: the server responded with a status of 401 () @ https://www.wallplace.co.uk/api/messages/unread:0
[ 3693828ms] [WARNING] The resource https://www.wallplace.co.uk/_next/image?url=https%3A%2F%2Fuwkuhygwvasdzwsusiym.supabase.co%2Fstorage%2Fv1%2Fobject%2Fpublic%2Fartworks%2F08f9481e-2785-4ce9-a184-8042905036d1%2F1777209288151-1aatpz.png&w=750&q=75 was preloaded using link preload but not used within a few seconds from the window's load event. Please make sure it has an appropriate `as` value and it is preloaded intentionally. @ https://www.wallplace.co.uk/browse/fin-coles/vietnamese-village:0
[ 3693828ms] [WARNING] The resource https://www.wallplace.co.uk/_next/image?url=https%3A%2F%2Fuwkuhygwvasdzwsusiym.supabase.co%2Fstorage%2Fv1%2Fobject%2Fpublic%2Favatars%2F08f9481e-2785-4ce9-a184-8042905036d1%2F1775872719596-8d56l1.jpeg&w=128&q=75 was preloaded using link preload but not used within a few seconds from the window's load event. Please make sure it has an appropriate `as` value and it is preloaded intentionally. @ https://www.wallplace.co.uk/browse/fin-coles/vietnamese-village:0
[ 3751581ms] [ERROR] Failed to load resource: the server responded with a status of 401 () @ https://www.wallplace.co.uk/api/messages/unread:0
[ 3751762ms] [ERROR] Failed to load resource: the server responded with a status of 401 () @ https://www.wallplace.co.uk/api/notifications:0
[ 3754764ms] [WARNING] The resource https://www.wallplace.co.uk/_next/image?url=https%3A%2F%2Fuwkuhygwvasdzwsusiym.supabase.co%2Fstorage%2Fv1%2Fobject%2Fpublic%2Fartworks%2F08f9481e-2785-4ce9-a184-8042905036d1%2F1777209288151-1aatpz.png&w=750&q=75 was preloaded using link preload but not used within a few seconds from the window's load event. Please make sure it has an appropriate `as` value and it is preloaded intentionally. @ https://www.wallplace.co.uk/browse/fin-coles/vietnamese-village:0
[ 3754764ms] [WARNING] The resource https://www.wallplace.co.uk/_next/image?url=https%3A%2F%2Fuwkuhygwvasdzwsusiym.supabase.co%2Fstorage%2Fv1%2Fobject%2Fpublic%2Favatars%2F08f9481e-2785-4ce9-a184-8042905036d1%2F1775872719596-8d56l1.jpeg&w=128&q=75 was preloaded using link preload but not used within a few seconds from the window's load event. Please make sure it has an appropriate `as` value and it is preloaded intentionally. @ https://www.wallplace.co.uk/browse/fin-coles/vietnamese-village:0
[ 3810782ms] [ERROR] Failed to load resource: the server responded with a status of 401 () @ https://www.wallplace.co.uk/api/notifications:0
[ 3810818ms] [ERROR] Failed to load resource: the server responded with a status of 401 () @ https://www.wallplace.co.uk/api/messages/unread:0
[ 3813820ms] [WARNING] The resource https://www.wallplace.co.uk/_next/image?url=https%3A%2F%2Fuwkuhygwvasdzwsusiym.supabase.co%2Fstorage%2Fv1%2Fobject%2Fpublic%2Fartworks%2F08f9481e-2785-4ce9-a184-8042905036d1%2F1777209288151-1aatpz.png&w=750&q=75 was preloaded using link preload but not used within a few seconds from the window's load event. Please make sure it has an appropriate `as` value and it is preloaded intentionally. @ https://www.wallplace.co.uk/browse/fin-coles/vietnamese-village:0
[ 3813820ms] [WARNING] The resource https://www.wallplace.co.uk/_next/image?url=https%3A%2F%2Fuwkuhygwvasdzwsusiym.supabase.co%2Fstorage%2Fv1%2Fobject%2Fpublic%2Favatars%2F08f9481e-2785-4ce9-a184-8042905036d1%2F1775872719596-8d56l1.jpeg&w=128&q=75 was preloaded using link preload but not used within a few seconds from the window's load event. Please make sure it has an appropriate `as` value and it is preloaded intentionally. @ https://www.wallplace.co.uk/browse/fin-coles/vietnamese-village:0
[ 3870778ms] [ERROR] Failed to load resource: the server responded with a status of 401 () @ https://www.wallplace.co.uk/api/notifications:0
[ 3870822ms] [ERROR] Failed to load resource: the server responded with a status of 401 () @ https://www.wallplace.co.uk/api/messages/unread:0
[ 3873825ms] [WARNING] The resource https://www.wallplace.co.uk/_next/image?url=https%3A%2F%2Fuwkuhygwvasdzwsusiym.supabase.co%2Fstorage%2Fv1%2Fobject%2Fpublic%2Fartworks%2F08f9481e-2785-4ce9-a184-8042905036d1%2F1777209288151-1aatpz.png&w=750&q=75 was preloaded using link preload but not used within a few seconds from the window's load event. Please make sure it has an appropriate `as` value and it is preloaded intentionally. @ https://www.wallplace.co.uk/browse/fin-coles/vietnamese-village:0
[ 3873825ms] [WARNING] The resource https://www.wallplace.co.uk/_next/image?url=https%3A%2F%2Fuwkuhygwvasdzwsusiym.supabase.co%2Fstorage%2Fv1%2Fobject%2Fpublic%2Favatars%2F08f9481e-2785-4ce9-a184-8042905036d1%2F1775872719596-8d56l1.jpeg&w=128&q=75 was preloaded using link preload but not used within a few seconds from the window's load event. Please make sure it has an appropriate `as` value and it is preloaded intentionally. @ https://www.wallplace.co.uk/browse/fin-coles/vietnamese-village:0
